// Jest Snapshot v1, https://goo.gl/fbAQLP

exports[`<App /> renders components 1`] = `"<App store={{...}} onSearchChange={[Function: onSearchChange]} onRequestRobots={[Function: onRequestRobots]} storeSubscription={{...}} />"`;
