// Jest Snapshot v1, https://goo.gl/fbAQLP

exports[`<CardList /> renders components 1`] = `
"<div>
  <Card id={2} name=\\"test\\" email=\\"test@yahoo.com\\" />
</div>"
`;
