// Jest Snapshot v1, https://goo.gl/fbAQLP

exports[`<CounterButton /> renders components 1`] = `
"<button id={1} color=\\"red\\" onClick={[Function (anonymous)]}>
  Count: 
  0
</button>"
`;
