// Jest Snapshot v1, https://goo.gl/fbAQLP

exports[`<ErrorBoundry /> renders components 1`] = `""`;
